{
    "product":
    [
        {"name": "XBox One", "desc": "another cool console", "price": 349.0}
    ]
}